{"str":"\"hello world!\"","unquoted":"float","int":42,"bool":true,"false":false}
